// Jest Snapshot v1, https://goo.gl/fbAQLP

exports[`renders correctly 1`] = `
<div>
  <div
    className="sc-bZQynM kTlMAn sc-bxivhb jcNPuI"
  >
    <section
      className="sc-bwzfXH irrVft"
    >
      <div
        className="sc-htpNat bKOCBb"
      >
        <h2>
          Programs
        </h2>
        <p>
          Pick a program, Any Program
        </p>
      </div>
    </section>
  </div>
  <div
    className="sc-bxivhb bIAnAi"
  >
    <section
      className="sc-bwzfXH irrVft"
    >
      <div
        className="sc-EHOje LlIEo sc-htpNat egfJaR"
      >
        <article>
          <h3>
            photoshop
          </h3>
          <p>
            Keyboard shortcuts: 
            334
             
          </p>
          <a
            className="sc-ifAKCX kZILIl"
            href="/sample-link"
          >
            view
          </a>
        </article>
      </div>
      <div
        className="sc-EHOje LlIEo sc-htpNat egfJaR"
      >
        <article>
          <h3>
            Illustrator
          </h3>
          <p>
            Keyboard shortcuts: 
            334
             
          </p>
          <a
            className="sc-ifAKCX kZILIl"
            href="/sample-link"
          >
            view
          </a>
        </article>
      </div>
      <div
        className="sc-EHOje LlIEo sc-htpNat egfJaR"
      >
        <article>
          <h3>
            Chrome
          </h3>
          <p>
            Keyboard shortcuts: 
            334
             
          </p>
          <a
            className="sc-ifAKCX kZILIl"
            href="/sample-link"
          >
            view
          </a>
        </article>
      </div>
      <div
        className="sc-EHOje LlIEo sc-htpNat egfJaR"
      >
        <article>
          <h3>
            Webstorm
          </h3>
          <p>
            Keyboard shortcuts: 
            334
             
          </p>
          <a
            className="sc-ifAKCX kZILIl"
            href="/sample-link"
          >
            view
          </a>
        </article>
      </div>
      <div
        className="sc-EHOje LlIEo sc-htpNat egfJaR"
      >
        <article>
          <h3>
            OSX
          </h3>
          <p>
            Keyboard shortcuts: 
            334
             
          </p>
          <a
            className="sc-ifAKCX kZILIl"
            href="/sample-link"
          >
            view
          </a>
        </article>
      </div>
      <div
        className="sc-EHOje LlIEo sc-htpNat egfJaR"
      >
        <article>
          <h3>
            Iterm2
          </h3>
          <p>
            Keyboard shortcuts: 
            334
             
          </p>
          <a
            className="sc-ifAKCX kZILIl"
            href="/sample-link"
          >
            view
          </a>
        </article>
      </div>
    </section>
  </div>
</div>
`;
